This is pdfTeX, Version 3.141592653-2.6-1.40.27 (MiKTeX 25.4) (preloaded format=pdflatex 2025.10.27)  15 JAN 2026 02:08
entering extended mode
 restricted \write18 enabled.
 file:line:error style messages enabled.
 %&-line parsing enabled.
**c:/Users/User/thesis/report/thesis.tex
(c:/Users/User/thesis/report/thesis.tex
LaTeX2e <2025-06-01> patch level 1
L3 programming layer <2025-10-09>
(C:\Users\User\AppData\Local\Programs\MiKTeX\tex/latex/koma-script\scrartcl.cls
Document Class: scrartcl 2025/09/09 v3.48 KOMA-Script document class (article)
(C:\Users\User\AppData\Local\Programs\MiKTeX\tex/latex/koma-script\scrkbase.sty
Package: scrkbase 2025/09/09 v3.48 KOMA-Script package (KOMA-Script-dependent basics and keyval usage)
 (C:\Users\User\AppData\Local\Programs\MiKTeX\tex/latex/koma-script\scrbase.sty
Package: scrbase 2025/09/09 v3.48 KOMA-Script package (KOMA-Script-independent basics and keyval usage)
 (C:\Users\User\AppData\Local\Programs\MiKTeX\tex/latex/koma-script\scrlfile.sty
Package: scrlfile 2025/09/09 v3.48 KOMA-Script package (file load hooks)
 (C:\Users\User\AppData\Local\Programs\MiKTeX\tex/latex/koma-script\scrlfile-hook.sty
Package: scrlfile-hook 2025/09/09 v3.48 KOMA-Script package (using LaTeX hooks)
 (C:\Users\User\AppData\Local\Programs\MiKTeX\tex/latex/koma-script\scrlogo.sty
Package: scrlogo 2025/09/09 v3.48 KOMA-Script package (logo)
))) (C:\Users\User\AppData\Local\Programs\MiKTeX\tex/latex/graphics\keyval.sty
Package: keyval 2022/05/29 v1.15 key=value parser (DPC)
\KV@toks@=\toks17
)
Applying: [2021/05/01] Usage of raw or classic option list on input line 254.
Already applied: [0000/00/00] Usage of raw or classic option list on input line 370.
)) (C:\Users\User\AppData\Local\Programs\MiKTeX\tex/latex/koma-script\tocbasic.sty
Package: tocbasic 2025/09/09 v3.48 KOMA-Script package (handling toc-files)
\scr@dte@tocline@numberwidth=\skip49
\scr@dte@tocline@numbox=\box53
)
Package tocbasic Info: omitting babel extension for `toc'
(tocbasic)             because of feature `nobabel' available
(tocbasic)             for `toc' on input line 141.
Package scrartcl Info: You've used standard option `11pt'.
(scrartcl)             This is correct!
(scrartcl)             Internally I'm using `fontsize=11pt'.
(scrartcl)             If you'd like to set the option with \KOMAoptions,
(scrartcl)             you'd have to use `fontsize=11pt' there
(scrartcl)             instead of `11pt', too.


Class scrartcl Warning: You've used deprecated option `bigheadings'.
(scrartcl)              Usage of this option indicates an old document
(scrartcl)              and changes compatibility level using
(scrartcl)              `headings=big,version=first,
(scrartcl)              enabledeprecatedfontcommands' that may result
(scrartcl)              in further warnings.
(scrartcl)              If you don't want this, you should simply
(scrartcl)              replace option `bigheadings' by `headings=big'.

Class scrartcl Info: Switching compatibility level to `first'.

Class scrartcl Warning: Switching back to an old KOMA-Script release does
(scrartcl)              not mean, that KOMA-Script is fully compatible with
(scrartcl)              the old release. If you need full compatibility
(scrartcl)              to an old KOMA-Script release, you should use that
(scrartcl)              old KOMA-Script release. However, in that case you
(scrartcl)              could also need old releases of other packages and
(scrartcl)              even of the LaTeX kernel.
(scrartcl)              Please also note, that the KOMA-Script developers
(scrartcl)              refuse support for documents using `version=first'.
(scrartcl)              We recommend to eliminate all deprecated options
(scrartcl)              and commands. We also recommend to not use option
(scrartcl)              `version', i.e., with other values than `last'.


Class scrartcl Warning: deprecated option `enabledeprecatedfontcommands'.
(scrartcl)              Note, that this option was already depreacted when
(scrartcl)              it has been defined. Support for old font commands
(scrartcl)              has been removed from KOMA-Script more than one
(scrartcl)              decade ago. It is not recommended to use them any
(scrartcl)              longer. Therefore usage of this class option also
(scrartcl)              is not recommended.


Class scrartcl Warning: You've used deprecated option `idxtotoc'.
(scrartcl)              Usage of this option indicates an old document
(scrartcl)              and changes compatibility level using
(scrartcl)              `index=totoc,version=first,
(scrartcl)              enabledeprecatedfontcommands' that may result
(scrartcl)              in further warnings.
(scrartcl)              If you don't want this, you should simply
(scrartcl)              replace option `idxtotoc' by `index=totoc'.

Class scrartcl Info: Switching compatibility level to `first'.

Class scrartcl Warning: Switching back to an old KOMA-Script release does
(scrartcl)              not mean, that KOMA-Script is fully compatible with
(scrartcl)              the old release. If you need full compatibility
(scrartcl)              to an old KOMA-Script release, you should use that
(scrartcl)              old KOMA-Script release. However, in that case you
(scrartcl)              could also need old releases of other packages and
(scrartcl)              even of the LaTeX kernel.
(scrartcl)              Please also note, that the KOMA-Script developers
(scrartcl)              refuse support for documents using `version=first'.
(scrartcl)              We recommend to eliminate all deprecated options
(scrartcl)              and commands. We also recommend to not use option
(scrartcl)              `version', i.e., with other values than `last'.


Class scrartcl Warning: deprecated option `enabledeprecatedfontcommands'.
(scrartcl)              Note, that this option was already depreacted when
(scrartcl)              it has been defined. Support for old font commands
(scrartcl)              has been removed from KOMA-Script more than one
(scrartcl)              decade ago. It is not recommended to use them any
(scrartcl)              longer. Therefore usage of this class option also
(scrartcl)              is not recommended.


Class scrartcl Warning: You've used deprecated option `bibtotoc'.
(scrartcl)              Usage of this option indicates an old document
(scrartcl)              and changes compatibility level using
(scrartcl)              `bibliography=totoc,version=first,
(scrartcl)              enabledeprecatedfontcommands' that may result
(scrartcl)              in further warnings.
(scrartcl)              If you don't want this, you should simply
(scrartcl)              replace option `bibtotoc' by `bibliography=totoc'.

Class scrartcl Info: Switching compatibility level to `first'.

Class scrartcl Warning: Switching back to an old KOMA-Script release does
(scrartcl)              not mean, that KOMA-Script is fully compatible with
(scrartcl)              the old release. If you need full compatibility
(scrartcl)              to an old KOMA-Script release, you should use that
(scrartcl)              old KOMA-Script release. However, in that case you
(scrartcl)              could also need old releases of other packages and
(scrartcl)              even of the LaTeX kernel.
(scrartcl)              Please also note, that the KOMA-Script developers
(scrartcl)              refuse support for documents using `version=first'.
(scrartcl)              We recommend to eliminate all deprecated options
(scrartcl)              and commands. We also recommend to not use option
(scrartcl)              `version', i.e., with other values than `last'.


Class scrartcl Warning: deprecated option `enabledeprecatedfontcommands'.
(scrartcl)              Note, that this option was already depreacted when
(scrartcl)              it has been defined. Support for old font commands
(scrartcl)              has been removed from KOMA-Script more than one
(scrartcl)              decade ago. It is not recommended to use them any
(scrartcl)              longer. Therefore usage of this class option also
(scrartcl)              is not recommended.


Class scrartcl Warning: You've used deprecated option `halfparskip'.
(scrartcl)              Usage of this option indicates an old document
(scrartcl)              and changes compatibility level using
(scrartcl)              `parskip=half,version=first,
(scrartcl)              enabledeprecatedfontcommands' that may result
(scrartcl)              in further warnings.
(scrartcl)              If you don't want this, you should simply
(scrartcl)              replace option `halfparskip' by `parskip=half'.

Class scrartcl Info: Switching compatibility level to `first'.

Class scrartcl Warning: Switching back to an old KOMA-Script release does
(scrartcl)              not mean, that KOMA-Script is fully compatible with
(scrartcl)              the old release. If you need full compatibility
(scrartcl)              to an old KOMA-Script release, you should use that
(scrartcl)              old KOMA-Script release. However, in that case you
(scrartcl)              could also need old releases of other packages and
(scrartcl)              even of the LaTeX kernel.
(scrartcl)              Please also note, that the KOMA-Script developers
(scrartcl)              refuse support for documents using `version=first'.
(scrartcl)              We recommend to eliminate all deprecated options
(scrartcl)              and commands. We also recommend to not use option
(scrartcl)              `version', i.e., with other values than `last'.


Class scrartcl Warning: deprecated option `enabledeprecatedfontcommands'.
(scrartcl)              Note, that this option was already depreacted when
(scrartcl)              it has been defined. Support for old font commands
(scrartcl)              has been removed from KOMA-Script more than one
(scrartcl)              decade ago. It is not recommended to use them any
(scrartcl)              longer. Therefore usage of this class option also
(scrartcl)              is not recommended.


Class scrartcl Warning: You've used deprecated option `cleardoubleempty'.
(scrartcl)              Usage of this option indicates an old document
(scrartcl)              and changes compatibility level using
(scrartcl)              `cleardoublepage=empty,version=first,
(scrartcl)              enabledeprecatedfontcommands' that may result
(scrartcl)              in further warnings.
(scrartcl)              If you don't want this, you should simply
(scrartcl)              replace option `cleardoubleempty' by `cleardoublepage=empty'.

Class scrartcl Info: Switching compatibility level to `first'.

Class scrartcl Warning: Switching back to an old KOMA-Script release does
(scrartcl)              not mean, that KOMA-Script is fully compatible with
(scrartcl)              the old release. If you need full compatibility
(scrartcl)              to an old KOMA-Script release, you should use that
(scrartcl)              old KOMA-Script release. However, in that case you
(scrartcl)              could also need old releases of other packages and
(scrartcl)              even of the LaTeX kernel.
(scrartcl)              Please also note, that the KOMA-Script developers
(scrartcl)              refuse support for documents using `version=first'.
(scrartcl)              We recommend to eliminate all deprecated options
(scrartcl)              and commands. We also recommend to not use option
(scrartcl)              `version', i.e., with other values than `last'.


Class scrartcl Warning: deprecated option `enabledeprecatedfontcommands'.
(scrartcl)              Note, that this option was already depreacted when
(scrartcl)              it has been defined. Support for old font commands
(scrartcl)              has been removed from KOMA-Script more than one
(scrartcl)              decade ago. It is not recommended to use them any
(scrartcl)              longer. Therefore usage of this class option also
(scrartcl)              is not recommended.

Class scrartcl Info: You've used standard option `oneside'.
(scrartcl)           This is correct!
(scrartcl)           Internally I'm using `twoside=false'.
(scrartcl)           If you'd like to set the option with \KOMAoptions,
(scrartcl)           you'd have to use `twoside=false' there
(scrartcl)           instead of `oneside', too.
Class scrartcl Info: File `scrsize11pt.clo' used to setup font sizes on input line 2486.
(C:\Users\User\AppData\Local\Programs\MiKTeX\tex/latex/koma-script\scrsize11pt.clo
File: scrsize11pt.clo 2025/09/09 v3.48 KOMA-Script font size class option (11pt)
) (C:\Users\User\AppData\Local\Programs\MiKTeX\tex/latex/koma-script\typearea.sty
Package: typearea 2025/09/09 v3.48 KOMA-Script package (type area)
\ta@bcor=\skip50
\ta@div=\count275
Package typearea Info: You've used standard option `a4paper'.
(typearea)             This is correct!
(typearea)             Internally I'm using `paper=a4'.
(typearea)             If you'd like to set the option with \KOMAoptions,
(typearea)             you'd have to use `paper=a4' there
(typearea)             instead of `a4paper', too.
Package typearea Info: You've used standard option `oneside'.
(typearea)             This is correct!
(typearea)             Internally I'm using `twoside=false'.
(typearea)             If you'd like to set the option with \KOMAoptions,
(typearea)             you'd have to use `twoside=false' there
(typearea)             instead of `oneside', too.
\ta@hblk=\skip51
\ta@vblk=\skip52
\ta@temp=\skip53
\footheight=\skip54
Package typearea Info: These are the values describing the layout:
(typearea)             DIV  = 11
(typearea)             BCOR = 0.0pt
(typearea)             \paperwidth      = 597.50793pt
(typearea)              \textwidth      = 434.55125pt
(typearea)              DIV departure   = -10%
(typearea)              \evensidemargin = 9.20834pt
(typearea)              \oddsidemargin  = 9.20834pt
(typearea)             \paperheight     = 845.04694pt
(typearea)              \textheight     = 623.00027pt
(typearea)              \topmargin      = -32.84755pt
(typearea)              \headheight     = 17.0pt
(typearea)              \headsep        = 20.40001pt
(typearea)              \topskip        = 11.0pt
(typearea)              \footskip       = 47.6pt
(typearea)              \baselineskip   = 13.6pt
(typearea)              on input line 1807.
)
\c@part=\count276
\c@section=\count277
\c@subsection=\count278
\c@subsubsection=\count279
\c@paragraph=\count280
\c@subparagraph=\count281
\scr@dte@section@maxnumwidth=\skip55
Class scrartcl Info: using compatibility default `runin=bysign'
(scrartcl)           for `\section on input line 5161.
Class scrartcl Info: using compatibility default `afterindent=bysign'
(scrartcl)           for `\section on input line 5161.
\scr@dte@part@maxnumwidth=\skip56
Class scrartcl Info: using compatibility default `afterindent=false'
(scrartcl)           for `\part on input line 5169.
\scr@dte@subsection@maxnumwidth=\skip57
Class scrartcl Info: using compatibility default `runin=bysign'
(scrartcl)           for `\subsection on input line 5179.
Class scrartcl Info: using compatibility default `afterindent=bysign'
(scrartcl)           for `\subsection on input line 5179.
\scr@dte@subsubsection@maxnumwidth=\skip58
Class scrartcl Info: using compatibility default `runin=bysign'
(scrartcl)           for `\subsubsection on input line 5189.
Class scrartcl Info: using compatibility default `afterindent=bysign'
(scrartcl)           for `\subsubsection on input line 5189.
\scr@dte@paragraph@maxnumwidth=\skip59
Class scrartcl Info: using compatibility default `runin=bysign'
(scrartcl)           for `\paragraph on input line 5200.
Class scrartcl Info: using compatibility default `afterindent=bysign'
(scrartcl)           for `\paragraph on input line 5200.
\scr@dte@subparagraph@maxnumwidth=\skip60
Class scrartcl Info: using compatibility default `runin=bysign'
(scrartcl)           for `\subparagraph on input line 5210.
Class scrartcl Info: using compatibility default `afterindent=bysign'
(scrartcl)           for `\subparagraph on input line 5210.
\abovecaptionskip=\skip61
\belowcaptionskip=\skip62
\c@pti@nb@sid@b@x=\box54
Package tocbasic Info: omitting babel extension for `lof'
(tocbasic)             because of feature `nobabel' available
(tocbasic)             for `lof' on input line 6410.
\scr@dte@figure@maxnumwidth=\skip63
\c@figure=\count282
Package tocbasic Info: omitting babel extension for `lot'
(tocbasic)             because of feature `nobabel' available
(tocbasic)             for `lot' on input line 6422.
\scr@dte@table@maxnumwidth=\skip64
\c@table=\count283
Class scrartcl Info: Using old \@makefntext due to compatibility level
(scrartcl)           less than 3.22 on input line 6579.
Class scrartcl Info: Redefining `\numberline' on input line 6592.
\bibindent=\dimen148
) (C:\Users\User\AppData\Local\Programs\MiKTeX\tex/generic/babel\babel.sty
Package: babel 2025/10/22 v25.14 The multilingual framework for LuaLaTeX, pdfLaTeX and XeLaTeX
\babel@savecnt=\count284
LaTeX Encoding Info:    Redeclaring text command \ij (encoding OT1) on input line 2050.
LaTeX Encoding Info:    Redeclaring text command \IJ (encoding OT1) on input line 2052.
LaTeX Encoding Info:    Redeclaring text command \ij (encoding T1) on input line 2054.
LaTeX Encoding Info:    Redeclaring text command \IJ (encoding T1) on input line 2055.
LaTeX Encoding Info:    Ignoring declaration for text command \ij (encoding ?) on input line 2056.
LaTeX Encoding Info:    Ignoring declaration for text command \IJ (encoding ?) on input line 2058.
LaTeX Encoding Info:    Ignoring declaration for text command \SS (encoding ?) on input line 2083.
\U@D=\dimen149
\l@unhyphenated=\language79
 (C:\Users\User\AppData\Local\Programs\MiKTeX\tex/generic/babel\txtbabel.def)
\bbl@readstream=\read2
\bbl@dirlevel=\count285


Package babel Warning: Configuration files are deprecated, as
(babel)                they can break document portability.
(babel)                Reported on input line 4172.

*************************************
* Local config file bblopts.cfg used
*
(C:\Users\User\AppData\Local\Programs\MiKTeX\tex/latex/arabi\bblopts.cfg
File: bblopts.cfg 2005/09/08 v0.1 add Arabic and Farsi to "declared" options of babel
) (C:\Users\User\AppData\Local\Programs\MiKTeX\tex/generic/babel/locale/en\babel-english.tex)
Package babel Info: Importing font and identification data for english
(babel)             from babel-en.ini. Reported on input line 4295.
 (C:\Users\User\AppData\Local\Programs\MiKTeX\tex/latex/babel-english\english.ldf
Language: english 2017/06/06 v3.3r English support from the babel system
Package babel Info: Hyphen rules for 'canadian' set to \l@english
(babel)             (\language0). Reported on input line 102.
Package babel Info: Hyphen rules for 'australian' set to \l@ukenglish
(babel)             (\language73). Reported on input line 105.
Package babel Info: Hyphen rules for 'newzealand' set to \l@ukenglish
(babel)             (\language73). Reported on input line 108.
)) (C:\Users\User\AppData\Local\Programs\MiKTeX\tex/latex/base\fontenc.sty
Package: fontenc 2024/12/21 v2.1c Standard LaTeX package
) (C:\Users\User\AppData\Local\Programs\MiKTeX\tex/latex/base\inputenc.sty
Package: inputenc 2024/02/08 v1.3d Input encoding file
\inpenc@prehook=\toks18
\inpenc@posthook=\toks19
) (C:\Users\User\AppData\Local\Programs\MiKTeX\tex/latex/graphics\graphicx.sty
Package: graphicx 2024/12/31 v1.2e Enhanced LaTeX Graphics (DPC,SPQR)
 (C:\Users\User\AppData\Local\Programs\MiKTeX\tex/latex/graphics\graphics.sty
Package: graphics 2024/08/06 v1.4g Standard LaTeX Graphics (DPC,SPQR)
 (C:\Users\User\AppData\Local\Programs\MiKTeX\tex/latex/graphics\trig.sty
Package: trig 2023/12/02 v1.11 sin cos tan (DPC)
) (C:\Users\User\AppData\Local\Programs\MiKTeX\tex/latex/graphics-cfg\graphics.cfg
File: graphics.cfg 2016/06/04 v1.11 sample graphics configuration
)
Package graphics Info: Driver file: pdftex.def on input line 106.
 (C:\Users\User\AppData\Local\Programs\MiKTeX\tex/latex/graphics-def\pdftex.def
File: pdftex.def 2025/09/29 v1.2d Graphics/color driver for pdftex
))
\Gin@req@height=\dimen150
\Gin@req@width=\dimen151
) (C:\Users\User\AppData\Local\Programs\MiKTeX\tex/latex/caption\caption.sty
Package: caption 2023/08/05 v3.6o Customizing captions (AR)
 (C:\Users\User\AppData\Local\Programs\MiKTeX\tex/latex/caption\caption3.sty
Package: caption3 2023/07/31 v2.4d caption3 kernel (AR)
\caption@tempdima=\dimen152
\captionmargin=\dimen153
\caption@leftmargin=\dimen154
\caption@rightmargin=\dimen155
\caption@width=\dimen156
\caption@indent=\dimen157
\caption@parindent=\dimen158
\caption@hangindent=\dimen159
Package caption Info: Unknown document class (or package),
(caption)             standard defaults will be used.
Package caption Info: \@makecaption = \long macro:#1#2->\@abovecaptionbreak \vskip \abovecaptionskip \@abovecaptionbreak \@@makecaption \@firstofone {#1}{#2}\@belowcaptionbreak \vskip \belowcaptionskip \@belowcaptionbreak  on input line 1175.
)

Package caption Warning: Unknown document class (or package),
(caption)                standard defaults will be used.
See the caption package documentation for explanation.

\c@caption@flags=\count286
\c@continuedfloat=\count287
) (C:\Users\User\AppData\Local\Programs\MiKTeX\tex/latex/float\float.sty
Package: float 2001/11/08 v1.3d Float enhancements (AL)
\c@float@type=\count288
\float@exts=\toks20
\float@box=\box55
\@float@everytoks=\toks21
\@floatcapt=\box56
) (C:\Users\User\AppData\Local\Programs\MiKTeX\tex/latex/wrapfig\wrapfig.sty
\wrapoverhang=\dimen160
\WF@size=\dimen161
\c@WF@wrappedlines=\count289
\WF@box=\box57
\WF@everypar=\toks22
Package: wrapfig 2003/01/31  v 3.6
) (C:\Users\User\AppData\Local\Programs\MiKTeX\tex/latex/geometry\geometry.sty
Package: geometry 2020/01/02 v5.9 Page Geometry
 (C:\Users\User\AppData\Local\Programs\MiKTeX\tex/generic/iftex\ifvtex.sty
Package: ifvtex 2019/10/25 v1.7 ifvtex legacy package. Use iftex instead.
 (C:\Users\User\AppData\Local\Programs\MiKTeX\tex/generic/iftex\iftex.sty
Package: iftex 2024/12/12 v1.0g TeX engine tests
))
\Gm@cnth=\count290
\Gm@cntv=\count291
\c@Gm@tempcnt=\count292
\Gm@bindingoffset=\dimen162
\Gm@wd@mp=\dimen163
\Gm@odd@mp=\dimen164
\Gm@even@mp=\dimen165
\Gm@layoutwidth=\dimen166
\Gm@layoutheight=\dimen167
\Gm@layouthoffset=\dimen168
\Gm@layoutvoffset=\dimen169
\Gm@dimlist=\toks23
 (C:\Users\User\AppData\Local\Programs\MiKTeX\tex/latex/geometry\geometry.cfg)) (C:\Users\User\AppData\Local\Programs\MiKTeX\tex/latex/blindtext\blindtext.sty
Package: blindtext 2012/01/06 V2.0 blindtext-Package
 (C:\Users\User\AppData\Local\Programs\MiKTeX\tex/latex/tools\xspace.sty
Package: xspace 2014/10/28 v1.13 Space after command names (DPC,MH)
)
\c@blindtext=\count293
\c@Blindtext=\count294
\c@blind@countparstart=\count295
\blind@countxx=\count296
\blindtext@numBlindtext=\count297
\blind@countyy=\count298
\c@blindlist=\count299
\c@blindlistlevel=\count300
\c@blindlist@level=\count301
\blind@listitem=\count302
\c@blind@listcount=\count303
\c@blind@levelcount=\count304
\blind@mathformula=\count305
\blind@Mathformula=\count306
\c@blind@randomcount=\count307
\c@blind@randommax=\count308
\c@blind@pangramcount=\count309
\c@blind@pangrammax=\count310
) (C:\Users\User\AppData\Local\Programs\MiKTeX\tex/latex/tools\layout.sty
Package: layout 2023-08-20 v1.2e Show layout parameters
\oneinch=\count311
\cnt@paperwidth=\count312
\cnt@paperheight=\count313
\cnt@hoffset=\count314
\cnt@voffset=\count315
\cnt@textheight=\count316
\cnt@textwidth=\count317
\cnt@topmargin=\count318
\cnt@oddsidemargin=\count319
\cnt@evensidemargin=\count320
\cnt@headheight=\count321
\cnt@headsep=\count322
\cnt@marginparsep=\count323
\cnt@marginparwidth=\count324
\cnt@marginparpush=\count325
\cnt@footskip=\count326
\fheight=\count327
\ref@top=\count328
\ref@hoffset=\count329
\ref@voffset=\count330
\ref@head=\count331
\ref@body=\count332
\ref@foot=\count333
\ref@margin=\count334
\ref@marginwidth=\count335
\ref@marginpar=\count336
\Interval=\count337
\ExtraYPos=\count338
\PositionX=\count339
\PositionY=\count340
\ArrowLength=\count341
) (C:\Users\User\AppData\Local\Programs\MiKTeX\tex/latex/hyperref\hyperref.sty
Package: hyperref 2025-07-12 v7.01o Hypertext links for LaTeX
 (C:\Users\User\AppData\Local\Programs\MiKTeX\tex/latex/kvsetkeys\kvsetkeys.sty
Package: kvsetkeys 2022-10-05 v1.19 Key value parser (HO)
) (C:\Users\User\AppData\Local\Programs\MiKTeX\tex/generic/kvdefinekeys\kvdefinekeys.sty
Package: kvdefinekeys 2019-12-19 v1.6 Define keys (HO)
) (C:\Users\User\AppData\Local\Programs\MiKTeX\tex/generic/pdfescape\pdfescape.sty
Package: pdfescape 2019/12/09 v1.15 Implements pdfTeX's escape features (HO)
 (C:\Users\User\AppData\Local\Programs\MiKTeX\tex/generic/ltxcmds\ltxcmds.sty
Package: ltxcmds 2023-12-04 v1.26 LaTeX kernel commands for general use (HO)
) (C:\Users\User\AppData\Local\Programs\MiKTeX\tex/generic/pdftexcmds\pdftexcmds.sty
Package: pdftexcmds 2020-06-27 v0.33 Utility functions of pdfTeX for LuaTeX (HO)
 (C:\Users\User\AppData\Local\Programs\MiKTeX\tex/generic/infwarerr\infwarerr.sty
Package: infwarerr 2019/12/03 v1.5 Providing info/warning/error messages (HO)
)
Package pdftexcmds Info: \pdf@primitive is available.
Package pdftexcmds Info: \pdf@ifprimitive is available.
Package pdftexcmds Info: \pdfdraftmode found.
)) (C:\Users\User\AppData\Local\Programs\MiKTeX\tex/latex/hycolor\hycolor.sty
Package: hycolor 2020-01-27 v1.10 Color options for hyperref/bookmark (HO)
) (C:\Users\User\AppData\Local\Programs\MiKTeX\tex/latex/hyperref\nameref.sty
Package: nameref 2025-06-21 v2.57 Cross-referencing by name of section
 (C:\Users\User\AppData\Local\Programs\MiKTeX\tex/latex/refcount\refcount.sty
Package: refcount 2019/12/15 v3.6 Data extraction from label references (HO)
) (C:\Users\User\AppData\Local\Programs\MiKTeX\tex/generic/gettitlestring\gettitlestring.sty
Package: gettitlestring 2019/12/15 v1.6 Cleanup title references (HO)
 (C:\Users\User\AppData\Local\Programs\MiKTeX\tex/latex/kvoptions\kvoptions.sty
Package: kvoptions 2022-06-15 v3.15 Key value format for package options (HO)
))
\c@section@level=\count342
) (C:\Users\User\AppData\Local\Programs\MiKTeX\tex/latex/etoolbox\etoolbox.sty
Package: etoolbox 2025/10/02 v2.5m e-TeX tools for LaTeX (JAW)
\etb@tempcnta=\count343
) (C:\Users\User\AppData\Local\Programs\MiKTeX\tex/generic/stringenc\stringenc.sty
Package: stringenc 2019/11/29 v1.12 Convert strings between diff. encodings (HO)
)
\@linkdim=\dimen170
\Hy@linkcounter=\count344
\Hy@pagecounter=\count345
 (C:\Users\User\AppData\Local\Programs\MiKTeX\tex/latex/hyperref\pd1enc.def
File: pd1enc.def 2025-07-12 v7.01o Hyperref: PDFDocEncoding definition (HO)
Now handling font encoding PD1 ...
... no UTF-8 mapping file for font encoding PD1
) (C:\Users\User\AppData\Local\Programs\MiKTeX\tex/generic/intcalc\intcalc.sty
Package: intcalc 2019/12/15 v1.3 Expandable calculations with integers (HO)
)
\Hy@SavedSpaceFactor=\count346
 (C:\Users\User\AppData\Local\Programs\MiKTeX\tex/latex/hyperref\puenc.def
File: puenc.def 2025-07-12 v7.01o Hyperref: PDF Unicode definition (HO)
Now handling font encoding PU ...
... no UTF-8 mapping file for font encoding PU
)
Package hyperref Info: Option `colorlinks' set `true' on input line 4066.
Package hyperref Info: Hyper figures OFF on input line 4195.
Package hyperref Info: Link nesting OFF on input line 4200.
Package hyperref Info: Hyper index ON on input line 4203.
Package hyperref Info: Plain pages OFF on input line 4210.
Package hyperref Info: Backreferencing OFF on input line 4215.
Package hyperref Info: Implicit mode ON; LaTeX internals redefined.
Package hyperref Info: Bookmarks ON on input line 4462.
\c@Hy@tempcnt=\count347
 (C:\Users\User\AppData\Local\Programs\MiKTeX\tex/latex/url\url.sty
\Urlmuskip=\muskip17
Package: url 2013/09/16  ver 3.4  Verb mode for urls, etc.
)
LaTeX Info: Redefining \url on input line 4801.
\XeTeXLinkMargin=\dimen171
 (C:\Users\User\AppData\Local\Programs\MiKTeX\tex/generic/bitset\bitset.sty
Package: bitset 2019/12/09 v1.3 Handle bit-vector datatype (HO)
 (C:\Users\User\AppData\Local\Programs\MiKTeX\tex/generic/bigintcalc\bigintcalc.sty
Package: bigintcalc 2019/12/15 v1.5 Expandable calculations on big integers (HO)
))
\Fld@menulength=\count348
\Field@Width=\dimen172
\Fld@charsize=\dimen173
Package hyperref Info: Hyper figures OFF on input line 6078.
Package hyperref Info: Link nesting OFF on input line 6083.
Package hyperref Info: Hyper index ON on input line 6086.
Package hyperref Info: backreferencing OFF on input line 6093.
Package hyperref Info: Link coloring ON on input line 6096.
Package hyperref Info: Link coloring with OCG OFF on input line 6103.
Package hyperref Info: PDF/A mode OFF on input line 6108.
\Hy@abspage=\count349
\c@Item=\count350
\c@Hfootnote=\count351
)
Package hyperref Info: Driver (autodetected): hpdftex.
 (C:\Users\User\AppData\Local\Programs\MiKTeX\tex/latex/hyperref\hpdftex.def
File: hpdftex.def 2025-07-12 v7.01o Hyperref driver for pdfTeX
\Fld@listcount=\count352
\c@bookmark@seq@number=\count353
 (C:\Users\User\AppData\Local\Programs\MiKTeX\tex/latex/rerunfilecheck\rerunfilecheck.sty
Package: rerunfilecheck 2025-06-21 v1.11 Rerun checks for auxiliary files (HO)
 (C:\Users\User\AppData\Local\Programs\MiKTeX\tex/generic/uniquecounter\uniquecounter.sty
Package: uniquecounter 2019/12/15 v1.4 Provide unlimited unique counter (HO)
)
Package uniquecounter Info: New unique counter `rerunfilecheck' on input line 284.
)
\Hy@SectionHShift=\skip65
) (C:\Users\User\AppData\Local\Programs\MiKTeX\tex/latex/natbib\natbib.sty
Package: natbib 2010/09/13 8.31b (PWD, AO)
\bibhang=\skip66
\bibsep=\skip67
LaTeX Info: Redefining \cite on input line 694.
\c@NAT@ctr=\count354
) (C:\Users\User\AppData\Local\Programs\MiKTeX\tex/latex/pdfpages\pdfpages.sty
Package: pdfpages 2025/07/23 v0.6g Insert pages of external PDF documents (AM)
 (C:\Users\User\AppData\Local\Programs\MiKTeX\tex/latex/base\ifthen.sty
Package: ifthen 2024/03/16 v1.1e Standard LaTeX ifthen package (DPC)
) (C:\Users\User\AppData\Local\Programs\MiKTeX\tex/latex/tools\calc.sty
Package: calc 2025/03/01 v4.3b Infix arithmetic (KKT,FJ)
\calc@Acount=\count355
\calc@Bcount=\count356
\calc@Adimen=\dimen174
\calc@Bdimen=\dimen175
\calc@Askip=\skip68
\calc@Bskip=\skip69
LaTeX Info: Redefining \setlength on input line 86.
LaTeX Info: Redefining \addtolength on input line 87.
\calc@Ccount=\count357
\calc@Cskip=\skip70
) (C:\Users\User\AppData\Local\Programs\MiKTeX\tex/latex/eso-pic\eso-pic.sty
Package: eso-pic 2023/05/03 v3.0c eso-pic (RN)
\ESO@tempdima=\dimen176
\ESO@tempdimb=\dimen177
 (C:\Users\User\AppData\Local\Programs\MiKTeX\tex/latex/xcolor\xcolor.sty
Package: xcolor 2024/09/29 v3.02 LaTeX color extensions (UK)
 (C:\Users\User\AppData\Local\Programs\MiKTeX\tex/latex/graphics-cfg\color.cfg
File: color.cfg 2016/01/02 v1.6 sample color configuration
)
Package xcolor Info: Driver file: pdftex.def on input line 274.
 (C:\Users\User\AppData\Local\Programs\MiKTeX\tex/latex/graphics\mathcolor.ltx)
Package xcolor Info: Model `cmy' substituted by `cmy0' on input line 1349.
Package xcolor Info: Model `hsb' substituted by `rgb' on input line 1353.
Package xcolor Info: Model `RGB' extended on input line 1365.
Package xcolor Info: Model `HTML' substituted by `rgb' on input line 1367.
Package xcolor Info: Model `Hsb' substituted by `hsb' on input line 1368.
Package xcolor Info: Model `tHsb' substituted by `hsb' on input line 1369.
Package xcolor Info: Model `HSB' substituted by `hsb' on input line 1370.
Package xcolor Info: Model `Gray' substituted by `gray' on input line 1371.
Package xcolor Info: Model `wave' substituted by `hsb' on input line 1372.
))
\AM@pagewidth=\dimen178
\AM@pageheight=\dimen179
\AM@fboxrule=\dimen180
 (C:\Users\User\AppData\Local\Programs\MiKTeX\tex/latex/pdfpages\pppdftex.def
File: pppdftex.def 2025/07/23 v0.6g Pdfpages driver for pdfTeX (AM)
)
\pdfpages@includegraphics@status=\count358
\AM@pagebox=\box58
\AM@global@opts=\toks24
\AM@pagecnt=\count359
\AM@toc@title=\toks25
\AM@lof@heading=\toks26
\c@AM@survey=\count360
\AM@templatesizebox=\box59
) (C:\Users\User\AppData\Local\Programs\MiKTeX\tex/latex/setspace\setspace.sty
Package: setspace 2022/12/04 v6.7b set line spacing
) (C:\Users\User\AppData\Local\Programs\MiKTeX\tex/latex/tools\longtable.sty
Package: longtable 2024-12-18 v4.23 Multi-page Table package (DPC)
\LTleft=\skip71
\LTright=\skip72
\LTpre=\skip73
\LTpost=\skip74
\LTchunksize=\count361
\LTcapwidth=\dimen181
\LT@head=\box60
\LT@firsthead=\box61
\LT@foot=\box62
\LT@lastfoot=\box63
\LT@gbox=\box64
\LT@cols=\count362
\LT@rows=\count363
\c@LT@tables=\count364
\c@LT@chunks=\count365
\LT@p@ftn=\toks27
)
Class scrartcl Info: longtable captions redefined on input line 55.
 (C:\Users\User\AppData\Local\Programs\MiKTeX\tex/latex/multirow\multirow.sty
Package: multirow 2024/11/12 v2.9 Span multiple rows of a table
\multirow@colwidth=\skip75
\multirow@cntb=\count366
\multirow@dima=\skip76
\bigstrutjot=\dimen182
) (C:\Users\User\AppData\Local\Programs\MiKTeX\tex/latex/colortbl\colortbl.sty
Package: colortbl 2024/10/29 v1.0k Color table columns (DPC)
 (C:\Users\User\AppData\Local\Programs\MiKTeX\tex/latex/tools\array.sty
Package: array 2025/06/08 v2.6j Tabular extension package (FMi)
\col@sep=\dimen183
\ar@mcellbox=\box65
\extrarowheight=\dimen184
\NC@list=\toks28
\extratabsurround=\skip77
\backup@length=\skip78
\ar@cellbox=\box66
)
\everycr=\toks29
\minrowclearance=\skip79
\rownum=\count367
) (C:\Users\User\AppData\Local\Programs\MiKTeX\tex/latex/koma-script\scrlayer-scrpage.sty
Package: scrlayer-scrpage 2025/09/09 v3.48 KOMA-Script package (end user interface for scrlayer)
 (C:\Users\User\AppData\Local\Programs\MiKTeX\tex/latex/koma-script\scrlayer.sty
Package: scrlayer 2025/09/09 v3.48 KOMA-Script package (defining layers and page styles)
Package scrlayer Info: patching LaTeX kernel macro \pagestyle on input line 2179.
)
Package scrlayer-scrpage Info: Makeing stand-alone element `pagehead' from
(scrlayer-scrpage)             alias to `pageheadfoot' on input line 1106.
)

Package scrlayer-scrpage Warning: replacing deprecated \clearscrheadfoot by
(scrlayer-scrpage)                \clearpairofpagestyles on input line 65.


Package scrlayer-scrpage Warning: Command deprecated!
(scrlayer-scrpage)                Usage of `\setheadtopline', `\setheadsepline',
(scrlayer-scrpage)                `\setfootsepline', and `\setfootbotline'
(scrlayer-scrpage)                became deprecated with scrlayer-scrpage.
(scrlayer-scrpage)                You should use KOMA-Script options
(scrlayer-scrpage)                `headsepline', `headtopline', `footsepline',
(scrlayer-scrpage)                or `footbotline' with values
(scrlayer-scrpage)                `<line thickness>:<line length>' to setup
(scrlayer-scrpage)                the line length and thickness, and
(scrlayer-scrpage)                `\setkomafont' or `\addtokomafont' to
(scrlayer-scrpage)                setup the colour on input line 70.


Package scrlayer-scrpage Warning: Command deprecated!
(scrlayer-scrpage)                Usage of `\setheadtopline', `\setheadsepline',
(scrlayer-scrpage)                `\setfootsepline', and `\setfootbotline'
(scrlayer-scrpage)                became deprecated with scrlayer-scrpage.
(scrlayer-scrpage)                You should use KOMA-Script options
(scrlayer-scrpage)                `headsepline', `headtopline', `footsepline',
(scrlayer-scrpage)                or `footbotline' with values
(scrlayer-scrpage)                `<line thickness>:<line length>' to setup
(scrlayer-scrpage)                the line length and thickness, and
(scrlayer-scrpage)                `\setkomafont' or `\addtokomafont' to
(scrlayer-scrpage)                setup the colour on input line 73.

(C:\Users\User\AppData\Local\Programs\MiKTeX\tex/latex/glossaries/base\glossaries.sty
Package: glossaries 2025/08/11 v4.8 (NLCT)
 (C:\Users\User\AppData\Local\Programs\MiKTeX\tex/latex/xkeyval\xkeyval.sty
Package: xkeyval 2022/06/16 v2.9 package option processing (HA)
 (C:\Users\User\AppData\Local\Programs\MiKTeX\tex/generic/xkeyval\xkeyval.tex (C:\Users\User\AppData\Local\Programs\MiKTeX\tex/generic/xkeyval\xkvutils.tex
\XKV@toks=\toks30
\XKV@tempa@toks=\toks31
)
\XKV@depth=\count368
File: xkeyval.tex 2014/12/03 v2.7a key=value parser (HA)
)) (C:\Users\User\AppData\Local\Programs\MiKTeX\tex/latex/mfirstuc\mfirstuc.sty
Package: mfirstuc 2025/04/03 v2.09 (NLCT)
\@glsmfirst=\toks32
\@glsmrest=\toks33
) (C:\Users\User\AppData\Local\Programs\MiKTeX\tex/latex/xfor\xfor.sty
Package: xfor 2009/02/05 v1.05 (NLCT)
) (C:\Users\User\AppData\Local\Programs\MiKTeX\tex/latex/amsmath\amsgen.sty
File: amsgen.sty 1999/11/30 v2.0 generic functions
\@emptytoks=\toks34
\ex@=\dimen185
) (C:\Users\User\AppData\Local\Programs\MiKTeX\tex/latex/tracklang\tracklang.sty
Package: tracklang 2025/03/11 v1.6.6 (NLCT) Track Languages
 (C:\Users\User\AppData\Local\Programs\MiKTeX\tex/generic/tracklang\tracklang.tex)
Package tracklang Info: Tracking dialect `english' (language `english') on input line 264.
Package tracklang Info: Tracking dialect `english' (language `english') on input line 264.
) (C:\Users\User\AppData\Local\Programs\MiKTeX\tex/latex/translator\translator.sty
Package: translator 2021-05-31 v1.12d Easy translation of strings in LaTeX
) (C:\Users\User\AppData\Local\Programs\MiKTeX\tex/latex/glossaries-english\glossaries-english.ldf
File: glossaries-english.ldf 2014/11/23 v1.0
) (C:\Users\User\AppData\Local\Programs\MiKTeX\tex/latex/datatool\datatool-base.sty
Package: datatool-base 2025/04/25 v3.4.1 (NLCT)
 (C:\Users\User\AppData\Local\Programs\MiKTeX\tex/latex/amsmath\amsmath.sty
Package: amsmath 2025/06/16 v2.17y AMS math features
\@mathmargin=\skip80

For additional information on amsmath, use the `?' option.
(C:\Users\User\AppData\Local\Programs\MiKTeX\tex/latex/amsmath\amstext.sty
Package: amstext 2024/11/17 v2.01 AMS text
) (C:\Users\User\AppData\Local\Programs\MiKTeX\tex/latex/amsmath\amsbsy.sty
Package: amsbsy 1999/11/29 v1.2d Bold Symbols
\pmbraise@=\dimen186
) (C:\Users\User\AppData\Local\Programs\MiKTeX\tex/latex/amsmath\amsopn.sty
Package: amsopn 2022/04/08 v2.04 operator names
)
\inf@bad=\count369
LaTeX Info: Redefining \frac on input line 233.
\uproot@=\count370
\leftroot@=\count371
LaTeX Info: Redefining \overline on input line 398.
LaTeX Info: Redefining \colon on input line 409.
\classnum@=\count372
\DOTSCASE@=\count373
LaTeX Info: Redefining \ldots on input line 495.
LaTeX Info: Redefining \dots on input line 498.
LaTeX Info: Redefining \cdots on input line 619.
\Mathstrutbox@=\box67
\strutbox@=\box68
LaTeX Info: Redefining \big on input line 721.
LaTeX Info: Redefining \Big on input line 722.
LaTeX Info: Redefining \bigg on input line 723.
LaTeX Info: Redefining \Bigg on input line 724.
\big@size=\dimen187
LaTeX Font Info:    Redeclaring font encoding OML on input line 742.
LaTeX Font Info:    Redeclaring font encoding OMS on input line 743.
\macc@depth=\count374
LaTeX Info: Redefining \bmod on input line 904.
LaTeX Info: Redefining \pmod on input line 909.
LaTeX Info: Redefining \smash on input line 939.
LaTeX Info: Redefining \relbar on input line 969.
LaTeX Info: Redefining \Relbar on input line 970.
\c@MaxMatrixCols=\count375
\dotsspace@=\muskip18
\c@parentequation=\count376
\dspbrk@lvl=\count377
\tag@help=\toks35
\row@=\count378
\column@=\count379
\maxfields@=\count380
\andhelp@=\toks36
\eqnshift@=\dimen188
\alignsep@=\dimen189
\tagshift@=\dimen190
\tagwidth@=\dimen191
\totwidth@=\dimen192
\lineht@=\dimen193
\@envbody=\toks37
\multlinegap=\skip81
\multlinetaggap=\skip82
\mathdisplay@stack=\toks38
LaTeX Info: Redefining \[ on input line 2949.
LaTeX Info: Redefining \] on input line 2950.
) (C:\Users\User\AppData\Local\Programs\MiKTeX\tex/latex/datatool\datatool-l3fp.def
File: datatool-l3fp.def 2025/04/25 v3.4.1 (NLCT)
)
\@dtl@toks=\toks39
\@dtl@tmpcount=\count381
\dtl@tmplength=\skip83
\l__datatool_measure_box=\box69
\dtl@sortresult=\count382
 (C:\Users\User\AppData\Local\Programs\MiKTeX\tex/latex/datatool\datatool-utf8.ldf
File: datatool-utf8.ldf 2025/04/25 v3.4.1 (NLCT)
)
\@dtl@datatype=\count383
\l__datatool_tmpa_int=\count384
\l__datatool_tmpb_int=\count385
\l__datatool_tmpc_int=\count386
\l__datatool_tmpd_int=\count387
\l__datatool_count_int=\count388
\l__datatool_tmp_datatype_int=\count389
\l__datatool_tmpa_dim=\dimen194
\l__datatool_tmpb_dim=\dimen195
\c_datatool_unknown_int=\count390
\l__datatool_year_int=\count391
\l__datatool_month_int=\count392
\l__datatool_day_int=\count393
\l__datatool_hour_int=\count394
\l__datatool_minute_int=\count395
\l__datatool_second_int=\count396
\l__datatool_tzhour_int=\count397
\l__datatool_tzminute_int=\count398
\l__datatool_julian_int=\count399
\l__datatool_local_julian_int=\count400
\l__datatool_prefix_int=\count401
\l__datatool_suffix_int=\count402
\@dtl@foreach@level=\count403


Package tracklang Warning: No `datatool' support for dialect `english'  on input line 9908.

\dtl@codeA=\count404
\dtl@codeB=\count405
)
\gls@level=\count406
\@gls@tmpb=\toks40
\gls@tmplen=\skip84
\l__glossaries_tmpa_dim=\dimen196
\l__glossaries_tmpb_dim=\dimen197
\glskeylisttok=\toks41
\glslabeltok=\toks42
\glsshorttok=\toks43
\glslongtok=\toks44
 (C:\Users\User\AppData\Local\Programs\MiKTeX\tex/latex/glossaries/styles\glossary-hypernav.sty
Package: glossary-hypernav 2025/08/11 v4.8 (NLCT)
) (C:\Users\User\AppData\Local\Programs\MiKTeX\tex/latex/glossaries/styles\glossary-list.sty
Package: glossary-list 2025/08/11 v4.8 (NLCT)
\glslistdottedwidth=\skip85
) (C:\Users\User\AppData\Local\Programs\MiKTeX\tex/latex/glossaries/styles\glossary-long.sty
Package: glossary-long 2025/08/11 v4.8 (NLCT)
\glsdescwidth=\skip86
\glspagelistwidth=\skip87
) (C:\Users\User\AppData\Local\Programs\MiKTeX\tex/latex/glossaries/styles\glossary-super.sty
Package: glossary-super 2025/08/11 v4.8 (NLCT)
 (C:\Users\User\AppData\Local\Programs\MiKTeX\tex/latex/supertabular\supertabular.sty
Package: supertabular 2024/07/20 v4.2c the supertabular environment
\c@tracingst=\count407
\ST@wd=\dimen198
\ST@rightskip=\skip88
\ST@leftskip=\skip89
\ST@parfillskip=\skip90
\ST@pageleft=\dimen199
\ST@headht=\dimen256
\ST@tailht=\dimen257
\ST@pagesofar=\dimen258
\ST@pboxht=\dimen259
\ST@rowht=\dimen260
\ST@prevht=\dimen261
\ST@toadd=\dimen262
\ST@dimen=\dimen263
\ST@pbox=\box70
)) (C:\Users\User\AppData\Local\Programs\MiKTeX\tex/latex/glossaries/styles\glossary-tree.sty
Package: glossary-tree 2025/08/11 v4.8 (NLCT)
\l__glossaries_tree_max_known_level_int=\count408
\l__glossaries_tree_offset_dim=\dimen264
\l__glossaries_tree_namewidth_dim=\dimen265
\l__glossaries_tree_symbolwidth_dim=\dimen266
\l__glossaries_tree_prenamesym_width_dim=\dimen267
\l__glossaries_tree_presubnamesym_width_dim=\dimen268
\l__glossaries_tree_namewidth_padding_dim=\dimen269
\l__glossaries_tree_symbolwidth_padding_dim=\dimen270
\l__glossaries_tree_namesymbolwidth_dim=\dimen271
\l__glossaries_tree_namesymbolwidth_padding_dim=\dimen272
\l__glossaries_tree_level_int=\count409
\glstreeindent=\skip91
))
\glswrite=\write3
\glo@main@file=\write4
\openout4 = `thesis.glo'.

Package glossaries Info: Writing glossary file thesis.glo on input line 114.
\glo@acronym@file=\write5
\openout5 = `thesis.acn'.

Package glossaries Info: Writing glossary file thesis.acn on input line 114.
 (C:\Users\User\AppData\Local\Programs\MiKTeX\tex/latex/nomencl\nomencl.sty
Package: nomencl 2021/11/10 v5.6 Nomenclature package
Package tocbasic Info: setting babel extension for `nlo' on input line 187.
Package tocbasic Info: setting babel extension for `nls' on input line 188.
\nomlabelwidth=\dimen273
\nom@tempdim=\dimen274
\nomitemsep=\skip92
)
\@nomenclaturefile=\write6
\openout6 = `thesis.nlo'.

Package nomencl Info: Writing nomenclature file thesis.nlo on input line 119.
Class scrartcl Info: loading recommended package `bookmark'.
(scrartcl)           Using `bookmark' together with `hyperref' is recommended,
(scrartcl)           because of handling of possible bookmark level gaps.
(scrartcl)           You can avoid loading `bookmark' with KOMA-Script option
(scrartcl)           `bookmarkpackage=false' before \begin{document} and
(scrartcl)           you can avoid this message adding:
(scrartcl)             \usepackage{bookmark}
(scrartcl)           before \begin{document} on input line 144.
 (C:\Users\User\AppData\Local\Programs\MiKTeX\tex/latex/bookmark\bookmark.sty
Package: bookmark 2023-12-10 v1.31 PDF bookmarks (HO)
 (C:\Users\User\AppData\Local\Programs\MiKTeX\tex/latex/bookmark\bkm-pdftex.def
File: bkm-pdftex.def 2023-12-10 v1.31 bookmark driver for pdfTeX and luaTeX (HO)
\BKM@id=\count410
)) (C:\Users\User\AppData\Local\Programs\MiKTeX\tex/latex/l3backend\l3backend-pdftex.def
File: l3backend-pdftex.def 2025-10-09 L3 backend support: PDF output (pdfTeX)
\l__color_backend_stack_int=\count411
)

LaTeX Warning: Unused global option(s):
    [openright].

(thesis.aux (titlepage.aux) (affidavit.aux) (acknowledgments.aux) (abstractEN.aux) (confidentialityClause.aux) (nomenclature.aux) (glossary.aux) (mainpart.aux))
\openout1 = `thesis.aux'.

LaTeX Font Info:    Checking defaults for OML/cmm/m/it on input line 144.
LaTeX Font Info:    ... okay on input line 144.
LaTeX Font Info:    Checking defaults for OMS/cmsy/m/n on input line 144.
LaTeX Font Info:    ... okay on input line 144.
LaTeX Font Info:    Checking defaults for OT1/cmr/m/n on input line 144.
LaTeX Font Info:    ... okay on input line 144.
LaTeX Font Info:    Checking defaults for T1/cmr/m/n on input line 144.
LaTeX Font Info:    ... okay on input line 144.
LaTeX Font Info:    Checking defaults for TS1/cmr/m/n on input line 144.
LaTeX Font Info:    ... okay on input line 144.
LaTeX Font Info:    Checking defaults for OMX/cmex/m/n on input line 144.
LaTeX Font Info:    ... okay on input line 144.
LaTeX Font Info:    Checking defaults for U/cmr/m/n on input line 144.
LaTeX Font Info:    ... okay on input line 144.
LaTeX Font Info:    Checking defaults for PD1/pdf/m/n on input line 144.
LaTeX Font Info:    ... okay on input line 144.
LaTeX Font Info:    Checking defaults for PU/pdf/m/n on input line 144.
LaTeX Font Info:    ... okay on input line 144.
Package scrbase Info: activating english \abstractname on input line 144.
Package scrbase Info: activating english \partname on input line 144.
Package scrbase Info: activating english \figurename on input line 144.
Package scrbase Info: activating english \tablename on input line 144.
Package scrbase Info: activating english \contentsname on input line 144.
Package scrbase Info: activating english \listfigurename on input line 144.
Package scrbase Info: activating english \listtablename on input line 144.
Package scrbase Info: activating english \refname on input line 144.
Package scrbase Info: activating english \indexname on input line 144.
 (C:\Users\User\AppData\Local\Programs\MiKTeX\tex/context/base/mkii\supp-pdf.mkii
[Loading MPS to PDF converter (version 2006.09.02).]
\scratchcounter=\count412
\scratchdimen=\dimen275
\scratchbox=\box71
\nofMPsegments=\count413
\nofMParguments=\count414
\everyMPshowfont=\toks45
\MPscratchCnt=\count415
\MPscratchDim=\dimen276
\MPnumerator=\count416
\makeMPintoPDFobject=\count417
\everyMPtoPDFconversion=\toks46
) (C:\Users\User\AppData\Local\Programs\MiKTeX\tex/latex/epstopdf-pkg\epstopdf-base.sty
Package: epstopdf-base 2020-01-24 v2.11 Base part for package epstopdf
Package epstopdf-base Info: Redefining graphics rule for `.eps' on input line 485.
 (C:\Users\User\AppData\Local\Programs\MiKTeX\tex/latex/00miktex\epstopdf-sys.cfg
File: epstopdf-sys.cfg 2021/03/18 v2.0 Configuration of epstopdf for MiKTeX
))
Package caption Info: Begin \AtBeginDocument code.
Package caption Info: float package is loaded.
Package caption Info: hyperref package is loaded.
Package caption Info: longtable package is loaded.
 (C:\Users\User\AppData\Local\Programs\MiKTeX\tex/latex/caption\ltcaption.sty
Package: ltcaption 2021/01/08 v1.4c longtable captions (AR)
)
Package caption Info: supertabular package is loaded.
Package caption Info: wrapfig package is loaded.
Package caption Info: End \AtBeginDocument code.

*geometry* driver: auto-detecting
*geometry* detected driver: pdftex
*geometry* verbose mode - [ preamble ] result:
* driver: pdftex
* paper: a4paper
* layout: <same size as paper>
* layoutoffset:(h,v)=(0.0pt,0.0pt)
* modes: 
* h-part:(L,W,R)=(85.35826pt, 455.24411pt, 56.9055pt)
* v-part:(T,H,B)=(101.40665pt, 591.5302pt, 152.11pt)
* \paperwidth=597.50787pt
* \paperheight=845.04684pt
* \textwidth=455.24411pt
* \textheight=668.63976pt
* \oddsidemargin=13.08827pt
* \evensidemargin=13.08827pt
* \topmargin=-8.26335pt
* \headheight=17.0pt
* \headsep=28.45274pt
* \topskip=11.0pt
* \footskip=42.67912pt
* \marginparwidth=54.3189pt
* \marginparsep=12.8401pt
* \columnsep=10.0pt
* \skip\footins=10.0pt plus 4.0pt minus 2.0pt
* \hoffset=0.0pt
* \voffset=0.0pt
* \mag=1000
* \@twocolumnfalse
* \@twosidefalse
* \@mparswitchfalse
* \@reversemarginfalse
* (1in=72.27pt=25.4mm, 1cm=28.453pt)

Package hyperref Info: Link coloring ON on input line 144.
(C:\Users\User\AppData\Local\Programs\MiKTeX\tex/latex/pdflscape\pdflscape.sty
Package: pdflscape 2022-10-27 v0.13 Display of landscape pages in PDF
 (C:\Users\User\AppData\Local\Programs\MiKTeX\tex/latex/pdflscape\pdflscape-nometadata.sty
Package: pdflscape-nometadata 2022-10-28 v0.13 Display of landscape pages in PDF (HO)
 (C:\Users\User\AppData\Local\Programs\MiKTeX\tex/latex/graphics\lscape.sty
Package: lscape 2020/05/28 v3.02 Landscape Pages (DPC)
)
Package pdflscape Info: Auto-detected driver: pdftex on input line 81.
)) (thesis.glsdefs)
\openout2 = `titlepage.aux'.

 (titlepage.tex

Package geometry Warning: Over-specification in `h'-direction.
    `width' (454.10269pt) is ignored.

*geometry* verbose mode - [ newgeometry ] result:
* driver: pdftex
* paper: a4paper
* layout: <same size as paper>
* layoutoffset:(h,v)=(0.0pt,0.0pt)
* modes: 
* h-part:(L,W,R)=(85.35826pt, 455.24411pt, 56.9055pt)
* v-part:(T,H,B)=(33.80392pt, 760.53699pt, 50.70593pt)
* \paperwidth=597.50787pt
* \paperheight=845.04684pt
* \textwidth=455.24411pt
* \textheight=760.53699pt
* \oddsidemargin=13.08827pt
* \evensidemargin=13.08827pt
* \topmargin=-83.91881pt
* \headheight=17.0pt
* \headsep=28.45274pt
* \topskip=11.0pt
* \footskip=42.67912pt
* \marginparwidth=54.3189pt
* \marginparsep=12.8401pt
* \columnsep=10.0pt
* \skip\footins=10.0pt plus 4.0pt minus 2.0pt
* \hoffset=0.0pt
* \voffset=0.0pt
* \mag=1000
* \@twocolumnfalse
* \@twosidefalse
* \@mparswitchfalse
* \@reversemarginfalse
* (1in=72.27pt=25.4mm, 1cm=28.453pt)

<images/thiRGB.jpg, id=3, 156.585pt x 73.4745pt>
File: images/thiRGB.jpg Graphic file (type jpg)
<use images/thiRGB.jpg>
Package pdftex.def Info: images/thiRGB.jpg  used on input line 9.
(pdftex.def)             Requested size: 450.69417pt x 211.5088pt.


[1

\openout3 = `thesis.ist'.



{C:/Users/User/AppData/Local/MiKTeX/fonts/map/pdftex/pdftex.map} <./images/thiRGB.jpg>])
\openout2 = `affidavit.aux'.

 (affidavit.tex
Underfull \hbox (badness 10000) in paragraph at lines 4--5

 []


Underfull \hbox (badness 10000) in paragraph at lines 6--8

 []

)

[1






]
\openout2 = `acknowledgments.aux'.

 (acknowledgments.tex)

[2





]
\openout2 = `abstractEN.aux'.

 (abstractEN.tex)

[3





]
\openout2 = `confidentialityClause.aux'.

 (confidentialityClause.tex
Underfull \hbox (badness 10000) in paragraph at lines 6--7

 []


Underfull \hbox (badness 10000) in paragraph at lines 8--10

 []

)

[4





]
\openout2 = `nomenclature.aux'.

 (nomenclature.tex)
No file thesis.nls.
\openout2 = `glossary.aux'.

(glossary.tex
\@gls@deffile=\write7
\openout7 = `thesis.glsdefs'.

)
No file thesis.gls.
No file thesis.acr.



Class scrartcl Warning: Usage of deprecated command `\ifthispageodd'.
(scrartcl)              The command has been renamed because of a
(scrartcl)              recommendation of The LaTeX Project Team.
(scrartcl)              Please replace `\ifthispageodd' by `\Ifthispageodd' on input line 192.

[5












] (thesis.lof)
\tf@lof=\write8
\openout8 = `thesis.lof'.



[6


] (thesis.lot)
\tf@lot=\write9
\openout9 = `thesis.lot'.



[7


] (thesis.toc

[8


]


Class scrartcl Warning: Usage of deprecated command `\ifthispageodd'.
(scrartcl)              The command has been renamed because of a
(scrartcl)              recommendation of The LaTeX Project Team.
(scrartcl)              Please replace `\ifthispageodd' by `\Ifthispageodd' on input line 121.

[9])
\tf@toc=\write10
\openout10 = `thesis.toc'.




Class scrartcl Warning: Usage of deprecated command `\ifthispageodd'.
(scrartcl)              The command has been renamed because of a
(scrartcl)              recommendation of The LaTeX Project Team.
(scrartcl)              Please replace `\ifthispageodd' by `\Ifthispageodd' on input line 211.

[10]
\openout2 = `mainpart.aux'.

 (mainpart.tex (1_Introduction/introduction.tex

Package natbib Warning: Citation `iso42010' on page 1 undefined on input line 2.


Package natbib Warning: Citation `wohlrab_inconsistencies' on page 1 undefined on input line 4.


Package natbib Warning: Citation `documentation_debt' on page 1 undefined on input line 4.


Package natbib Warning: Citation `arc42' on page 1 undefined on input line 9.




pdfTeX warning (ext4): destination with the same identifier (name{page.1}) has been already used, duplicate ignored
<to be read again> 
                   \relax 
l.27     \item \textbf
                      {False completeness:} Template remnants and placeholde... [1



]

Package natbib Warning: Citation `iso42010' on page 2 undefined on input line 28.


Package natbib Warning: Citation `arc42' on page 2 undefined on input line 28.




Class scrartcl Warning: Usage of deprecated command `\ifthispageodd'.
(scrartcl)              The command has been renamed because of a
(scrartcl)              recommendation of The LaTeX Project Team.
(scrartcl)              Please replace `\ifthispageodd' by `\Ifthispageodd' on input line 58.

[2]

Package natbib Warning: Citation `arc42' on page 3 undefined on input line 61.


Overfull \hbox (0.7474pt too wide) in paragraph at lines 68--69
[]\T1/cmr/m/n/10 A similarity-based align-ment layer that res-cues template-to-document matches un-der head-ing/name
 []


Overfull \hbox (23.32216pt too wide) in paragraph at lines 79--80
[]\T1/cmr/bx/n/10 Section 3 (Lit-er-a-ture Anal-y-sis): \T1/cmr/m/n/10 Re-views ex-ist-ing ap-proaches for struc-tural val-i-da-tion, similarity/IR-
 []




Class scrartcl Warning: Usage of deprecated command `\ifthispageodd'.
(scrartcl)              The command has been renamed because of a
(scrartcl)              recommendation of The LaTeX Project Team.
(scrartcl)              Please replace `\ifthispageodd' by `\Ifthispageodd' on input line 85.

[3])


Class scrartcl Warning: Usage of deprecated command `\ifthispageodd'.
(scrartcl)              The command has been renamed because of a
(scrartcl)              recommendation of The LaTeX Project Team.
(scrartcl)              Please replace `\ifthispageodd' by `\Ifthispageodd' on input line 4.

[4] (2_Background/background.tex

Package natbib Warning: Citation `iso42010' on page 5 undefined on input line 5.


Package natbib Warning: Citation `iso_architecture_ads' on page 5 undefined on input line 5.


Package natbib Warning: Citation `iso42010' on page 5 undefined on input line 8.


Package natbib Warning: Citation `iso_architecture_ads' on page 5 undefined on input line 8.


Package natbib Warning: Citation `iso42010' on page 5 undefined on input line 8.


Package natbib Warning: Citation `kruchten_4plus1' on page 5 undefined on input line 11.


Package natbib Warning: Citation `iso42010' on page 5 undefined on input line 11.


Package natbib Warning: Citation `naab_sad_survey' on page 5 undefined on input line 14.


Package natbib Warning: Citation `mendes_doc_td' on page 5 undefined on input line 14.



[5]

Package natbib Warning: Citation `iso42010' on page 6 undefined on input line 17.


Package natbib Warning: Citation `arc42_overview' on page 6 undefined on input line 20.


Package natbib Warning: Citation `arc42_overview' on page 6 undefined on input line 23.


Package natbib Warning: Citation `arc42_template' on page 6 undefined on input line 23.


Package natbib Warning: Citation `arc42_template' on page 6 undefined on input line 33.




Class scrartcl Warning: Usage of deprecated command `\ifthispageodd'.
(scrartcl)              The command has been renamed because of a
(scrartcl)              recommendation of The LaTeX Project Team.
(scrartcl)              Please replace `\ifthispageodd' by `\Ifthispageodd' on input line 37.

[6]

Package natbib Warning: Citation `arc42_template' on page 7 undefined on input line 48.


Package natbib Warning: Citation `arc42_template' on page 7 undefined on input line 53.




Class scrartcl Warning: Usage of deprecated command `\ifthispageodd'.
(scrartcl)              The command has been renamed because of a
(scrartcl)              recommendation of The LaTeX Project Team.
(scrartcl)              Please replace `\ifthispageodd' by `\Ifthispageodd' on input line 66.

[7]

Package natbib Warning: Citation `wohlrab_icsa19_guidelines' on page 8 undefined on input line 67.


Package natbib Warning: Citation `mendes_doc_td' on page 8 undefined on input line 67.


Package natbib Warning: Citation `iso42010' on page 8 undefined on input line 72.


Package natbib Warning: Citation `mendes_doc_td' on page 8 undefined on input line 81.




Class scrartcl Warning: Usage of deprecated command `\ifthispageodd'.
(scrartcl)              The command has been renamed because of a
(scrartcl)              recommendation of The LaTeX Project Team.
(scrartcl)              Please replace `\ifthispageodd' by `\Ifthispageodd' on input line 82.

[8]

Package natbib Warning: Citation `wohlrab_icsa19_guidelines' on page 9 undefined on input line 88.


Package natbib Warning: Citation `ardoco_icsa23_inconsistency_detection' on page 9 undefined on input line 90.




Class scrartcl Warning: Usage of deprecated command `\ifthispageodd'.
(scrartcl)              The command has been renamed because of a
(scrartcl)              recommendation of The LaTeX Project Team.
(scrartcl)              Please replace `\ifthispageodd' by `\Ifthispageodd' on input line 96.

[9]

Package natbib Warning: Citation `iso42010' on page 10 undefined on input line 128.




Class scrartcl Warning: Usage of deprecated command `\ifthispageodd'.
(scrartcl)              The command has been renamed because of a
(scrartcl)              recommendation of The LaTeX Project Team.
(scrartcl)              Please replace `\ifthispageodd' by `\Ifthispageodd' on input line 130.

[10]


Class scrartcl Warning: Usage of deprecated command `\ifthispageodd'.
(scrartcl)              The command has been renamed because of a
(scrartcl)              recommendation of The LaTeX Project Team.
(scrartcl)              Please replace `\ifthispageodd' by `\Ifthispageodd' on input line 162.

[11])


Class scrartcl Warning: Usage of deprecated command `\ifthispageodd'.
(scrartcl)              The command has been renamed because of a
(scrartcl)              recommendation of The LaTeX Project Team.
(scrartcl)              Please replace `\ifthispageodd' by `\Ifthispageodd' on input line 8.

[12] (3_Literature/literature.tex

Package natbib Warning: Citation `arc42_template' on page 13 undefined on input line 4.


Package natbib Warning: Citation `iso42010' on page 13 undefined on input line 4.


Package natbib Warning: Citation `wohlrab_icsa19_guidelines' on page 13 undefined on input line 16.


Package natbib Warning: Citation `borg_traceability_mapping' on page 13 undefined on input line 24.


Package natbib Warning: Citation `cleland_huang_lsi_traceability' on page 13 undefined on input line 24.


Package natbib Warning: Citation `cleland_huang_lsi_traceability' on page 13 undefined on input line 31.


Package natbib Warning: Citation `recent_traceability_recovery' on page 13 undefined on input line 31.



[13]

Package natbib Warning: Citation `one_class_svm' on page 14 undefined on input line 45.


Package natbib Warning: Citation `se_anomaly_detection_survey' on page 14 undefined on input line 45.


Package natbib Warning: Citation `llm4se_slr' on page 14 undefined on input line 61.


Package natbib Warning: Citation `llm4se_survey' on page 14 undefined on input line 61.




Class scrartcl Warning: Usage of deprecated command `\ifthispageodd'.
(scrartcl)              The command has been renamed because of a
(scrartcl)              recommendation of The LaTeX Project Team.
(scrartcl)              Please replace `\ifthispageodd' by `\Ifthispageodd' on input line 63.

[14]

Package natbib Warning: Citation `llm_requirements_engineering' on page 15 undefined on input line 70.


Package natbib Warning: Citation `ardoco_icsa23_inconsistency_detection' on page 15 undefined on input line 72.


Package natbib Warning: Citation `llm4se_slr' on page 15 undefined on input line 75.


Package natbib Warning: Citation `ardoco_icsa23_inconsistency_detection' on page 15 undefined on input line 75.


Package natbib Warning: Citation `wohlrab_icsa19_guidelines' on page 15 undefined on input line 83.




Class scrartcl Warning: Usage of deprecated command `\ifthispageodd'.
(scrartcl)              The command has been renamed because of a
(scrartcl)              recommendation of The LaTeX Project Team.
(scrartcl)              Please replace `\ifthispageodd' by `\Ifthispageodd' on input line 84.

[15]

Package natbib Warning: Citation `wohlrab_icsa19_guidelines' on page 16 undefined on input line 86.


Package natbib Warning: Citation `mendes_doc_td' on page 16 undefined on input line 86.


Package natbib Warning: Citation `ardoco_icsa23' on page 16 undefined on input line 89.


Package natbib Warning: Citation `llm4se_slr' on page 16 undefined on input line 95.




Class scrartcl Warning: Usage of deprecated command `\ifthispageodd'.
(scrartcl)              The command has been renamed because of a
(scrartcl)              recommendation of The LaTeX Project Team.
(scrartcl)              Please replace `\ifthispageodd' by `\Ifthispageodd' on input line 106.

[16]
Overfull \hbox (11.25308pt too wide) in paragraph at lines 107--108
\T1/cmr/m/n/10 This the-sis po-si-tions its con-tri-bu-tion as an en-gi-neer-ing syn-the-sis of com-ple-men-tary tech-niques^^Vdeterministic
 []


Package natbib Warning: Citation `wohlrab_icsa19_guidelines' on page 17 undefined on input line 126.


Package natbib Warning: Citation `mendes_doc_td' on page 17 undefined on input line 126.


Package natbib Warning: Citation `llm4se_slr' on page 17 undefined on input line 126.


Package natbib Warning: Citation `ardoco_icsa23' on page 17 undefined on input line 129.


Package natbib Warning: Citation `llm4se_slr' on page 17 undefined on input line 133.




Class scrartcl Warning: Usage of deprecated command `\ifthispageodd'.
(scrartcl)              The command has been renamed because of a
(scrartcl)              recommendation of The LaTeX Project Team.
(scrartcl)              Please replace `\ifthispageodd' by `\Ifthispageodd' on input line 134.

[17])


Class scrartcl Warning: Usage of deprecated command `\ifthispageodd'.
(scrartcl)              The command has been renamed because of a
(scrartcl)              recommendation of The LaTeX Project Team.
(scrartcl)              Please replace `\ifthispageodd' by `\Ifthispageodd' on input line 12.

[18] (4_Context/context.tex

[19]
Overfull \hbox (10.63513pt too wide) in paragraph at lines 39--40
[]\T1/cmr/m/n/10 The sys-tem shall val-i-date an ar-chi-tec-ture doc-u-ment against
 []


Overfull \hbox (0.27377pt too wide) in paragraph at lines 43--44
[]\T1/cmr/m/n/10 The sys-tem shall de-tect in-com-plete doc-u-men-ta-tion con-tent such
 []




Class scrartcl Warning: Usage of deprecated command `\ifthispageodd'.
(scrartcl)              The command has been renamed because of a
(scrartcl)              recommendation of The LaTeX Project Team.
(scrartcl)              Please replace `\ifthispageodd' by `\Ifthispageodd' on input line 57.

[20])


Class scrartcl Warning: Usage of deprecated command `\ifthispageodd'.
(scrartcl)              The command has been renamed because of a
(scrartcl)              recommendation of The LaTeX Project Team.
(scrartcl)              Please replace `\ifthispageodd' by `\Ifthispageodd' on input line 16.

[21] (5_Methodology/methodology.tex
Overfull \hbox (9.52414pt too wide) in paragraph at lines 22--23
[]\T1/cmr/bx/n/10 Architecture doc-u-men-ta-tion: \T1/cmr/m/n/10 Asci-iDoc (\T1/cmtt/m/n/10 .adoc\T1/cmr/m/n/10 ) doc-u-ments au-thored per soft-ware unit/subsystem
 []



[22]


Class scrartcl Warning: Usage of deprecated command `\ifthispageodd'.
(scrartcl)              The command has been renamed because of a
(scrartcl)              recommendation of The LaTeX Project Team.
(scrartcl)              Please replace `\ifthispageodd' by `\Ifthispageodd' on input line 58.

[23]


Class scrartcl Warning: Usage of deprecated command `\ifthispageodd'.
(scrartcl)              The command has been renamed because of a
(scrartcl)              recommendation of The LaTeX Project Team.
(scrartcl)              Please replace `\ifthispageodd' by `\Ifthispageodd' on input line 89.

[24])


Class scrartcl Warning: Usage of deprecated command `\ifthispageodd'.
(scrartcl)              The command has been renamed because of a
(scrartcl)              recommendation of The LaTeX Project Team.
(scrartcl)              Please replace `\ifthispageodd' by `\Ifthispageodd' on input line 29.

[25] (6_Implementation/implementation.tex
LaTeX Font Info:    Font shape `T1/cmtt/bx/n' in size <12> not available
(Font)              Font shape `T1/cmtt/m/n' tried instead on input line 33.


[26]


Class scrartcl Warning: Usage of deprecated command `\ifthispageodd'.
(scrartcl)              The command has been renamed because of a
(scrartcl)              recommendation of The LaTeX Project Team.
(scrartcl)              Please replace `\ifthispageodd' by `\Ifthispageodd' on input line 64.

[27]


Class scrartcl Warning: Usage of deprecated command `\ifthispageodd'.
(scrartcl)              The command has been renamed because of a
(scrartcl)              recommendation of The LaTeX Project Team.
(scrartcl)              Please replace `\ifthispageodd' by `\Ifthispageodd' on input line 87.

[28]
Overfull \hbox (42.56952pt too wide) in paragraph at lines 114--115
\T1/cmr/m/n/10 Pass 1 cor-re-sponds to Sec-tion 5.4.5 and per-forms section-local au-dit-ing. It con-sumes \T1/cmtt/m/n/10 preprocessed_<doc_id>.json
 []




Class scrartcl Warning: Usage of deprecated command `\ifthispageodd'.
(scrartcl)              The command has been renamed because of a
(scrartcl)              recommendation of The LaTeX Project Team.
(scrartcl)              Please replace `\ifthispageodd' by `\Ifthispageodd' on input line 118.

[29]


Class scrartcl Warning: Usage of deprecated command `\ifthispageodd'.
(scrartcl)              The command has been renamed because of a
(scrartcl)              recommendation of The LaTeX Project Team.
(scrartcl)              Please replace `\ifthispageodd' by `\Ifthispageodd' on input line 148.

[30]


Class scrartcl Warning: Usage of deprecated command `\ifthispageodd'.
(scrartcl)              The command has been renamed because of a
(scrartcl)              recommendation of The LaTeX Project Team.
(scrartcl)              Please replace `\ifthispageodd' by `\Ifthispageodd' on input line 179.

[31]


Class scrartcl Warning: Usage of deprecated command `\ifthispageodd'.
(scrartcl)              The command has been renamed because of a
(scrartcl)              recommendation of The LaTeX Project Team.
(scrartcl)              Please replace `\ifthispageodd' by `\Ifthispageodd' on input line 207.

[32])


Class scrartcl Warning: Usage of deprecated command `\ifthispageodd'.
(scrartcl)              The command has been renamed because of a
(scrartcl)              recommendation of The LaTeX Project Team.
(scrartcl)              Please replace `\ifthispageodd' by `\Ifthispageodd' on input line 34.

[33] (7_Evaluation/evaluation.tex
Overfull \hbox (1.06926pt too wide) in paragraph at lines 14--15
[]\T1/cmr/bx/n/10 Industrial rel-e-vance: \T1/cmr/m/n/10 as-sess whether de-tected is-sues align with re-viewer ex-pec-ta-tions and whether
 []



[34]


Class scrartcl Warning: Usage of deprecated command `\ifthispageodd'.
(scrartcl)              The command has been renamed because of a
(scrartcl)              recommendation of The LaTeX Project Team.
(scrartcl)              Please replace `\ifthispageodd' by `\Ifthispageodd' on input line 100.

[35]


Class scrartcl Warning: Usage of deprecated command `\ifthispageodd'.
(scrartcl)              The command has been renamed because of a
(scrartcl)              recommendation of The LaTeX Project Team.
(scrartcl)              Please replace `\ifthispageodd' by `\Ifthispageodd' on input line 152.

[36]


Class scrartcl Warning: Usage of deprecated command `\ifthispageodd'.
(scrartcl)              The command has been renamed because of a
(scrartcl)              recommendation of The LaTeX Project Team.
(scrartcl)              Please replace `\ifthispageodd' by `\Ifthispageodd' on input line 205.

[37])


Class scrartcl Warning: Usage of deprecated command `\ifthispageodd'.
(scrartcl)              The command has been renamed because of a
(scrartcl)              recommendation of The LaTeX Project Team.
(scrartcl)              Please replace `\ifthispageodd' by `\Ifthispageodd' on input line 38.

[38] (8_Discussion/discussion.tex

[39]


Class scrartcl Warning: Usage of deprecated command `\ifthispageodd'.
(scrartcl)              The command has been renamed because of a
(scrartcl)              recommendation of The LaTeX Project Team.
(scrartcl)              Please replace `\ifthispageodd' by `\Ifthispageodd' on input line 69.

[40]


Class scrartcl Warning: Usage of deprecated command `\ifthispageodd'.
(scrartcl)              The command has been renamed because of a
(scrartcl)              recommendation of The LaTeX Project Team.
(scrartcl)              Please replace `\ifthispageodd' by `\Ifthispageodd' on input line 103.

[41])


Class scrartcl Warning: Usage of deprecated command `\ifthispageodd'.
(scrartcl)              The command has been renamed because of a
(scrartcl)              recommendation of The LaTeX Project Team.
(scrartcl)              Please replace `\ifthispageodd' by `\Ifthispageodd' on input line 42.

[42] (9_Conclusion/conclusion.tex

[43]


Class scrartcl Warning: Usage of deprecated command `\ifthispageodd'.
(scrartcl)              The command has been renamed because of a
(scrartcl)              recommendation of The LaTeX Project Team.
(scrartcl)              Please replace `\ifthispageodd' by `\Ifthispageodd' on input line 69.

[44])


Class scrartcl Warning: Usage of deprecated command `\ifthispageodd'.
(scrartcl)              The command has been renamed because of a
(scrartcl)              recommendation of The LaTeX Project Team.
(scrartcl)              Please replace `\ifthispageodd' by `\Ifthispageodd' on input line 45.

[45]) (thesis.bbl

Package natbib Warning: Empty `thebibliography' environment on input line 8.

)


pdfTeX warning (ext4): destination with the same identifier (name{page.VI}) has been already used, duplicate ignored
<to be read again> 
                   \relax 
l.247 	\cleardoublepage
                       	 [6




]

Package natbib Warning: There were undefined citations.

(thesis.aux (titlepage.aux) (affidavit.aux) (acknowledgments.aux) (abstractEN.aux) (confidentialityClause.aux) (nomenclature.aux) (glossary.aux) (mainpart.aux))
 ***********
LaTeX2e <2025-06-01> patch level 1
L3 programming layer <2025-10-09>
 ***********
 ) 
Here is how much of TeX's memory you used:
 28043 strings out of 468080
 573115 string characters out of 5426255
 1200490 words of memory out of 5000000
 55899 multiletter control sequences out of 15000+600000
 647773 words of font info for 77 fonts, out of 8000000 for 9000
 1141 hyphenation exceptions out of 8191
 108i,21n,107p,11237b,708s stack positions out of 10000i,1000n,20000p,200000b,200000s
 <C:\Users\User\AppData\Local\MiKTeX\fonts/pk/ljfour/jknappen/ec/dpi600\ectt1200.pk> <C:\Users\User\AppData\Local\MiKTeX\fonts/pk/ljfour/jknappen/ec/dpi600\ecti1000.pk> <C:\Users\User\AppData\Local\MiKTeX\fonts/pk/ljfour/jknappen/ec/dpi600\tcrm1000.pk> <C:\Users\User\AppData\Local\MiKTeX\fonts/pk/ljfour/jknappen/ec/dpi600\ecbx1200.pk> <C:\Users\User\AppData\Local\MiKTeX\fonts/pk/ljfour/jknappen/ec/dpi600\ecbx1000.pk> <C:\Users\User\AppData\Local\MiKTeX\fonts/pk/ljfour/jknappen/ec/dpi600\ectt1000.pk> <C:\Users\User\AppData\Local\MiKTeX\fonts/pk/ljfour/jknappen/ec/dpi600\ecsx1095.pk> <C:\Users\User\AppData\Local\MiKTeX\fonts/pk/ljfour/jknappen/ec/dpi600\ecsx1000.pk> <C:\Users\User\AppData\Local\MiKTeX\fonts/pk/ljfour/jknappen/ec/dpi600\ecrm1000.pk> <C:\Users\User\AppData\Local\MiKTeX\fonts/pk/ljfour/jknappen/ec/dpi600\ecsc0900.pk> <C:\Users\User\AppData\Local\MiKTeX\fonts/pk/ljfour/jknappen/ec/dpi600\ecxc1440.pk> <C:\Users\User\AppData\Local\MiKTeX\fonts/pk/ljfour/jknappen/ec/dpi600\ecbx1095.pk> <C:\Users\User\AppData\Local\MiKTeX\fonts/pk/ljfour/jknappen/ec/dpi600\ecbx1440.pk> <C:\Users\User\AppData\Local\MiKTeX\fonts/pk/ljfour/jknappen/ec/dpi600\ecrm1095.pk> <C:\Users\User\AppData\Local\MiKTeX\fonts/pk/ljfour/jknappen/ec/dpi600\ecbx2074.pk><C:/Users/User/AppData/Local/Programs/MiKTeX/fonts/type1/public/amsfonts/cm/cmsy10.pfb>
Output written on thesis.pdf (57 pages, 617945 bytes).
PDF statistics:
 1916 PDF objects out of 2073 (max. 8388607)
 378 named destinations out of 1000 (max. 500000)
 1198 words of extra memory for PDF output out of 10000 (max. 10000000)

